{
  "version": "1.5.0",
  "plugins_used": [
    {
      "name": "ArtifactoryDetector"
    },
    {
      "name": "AWSKeyDetector"
    },
    {
      "name": "AzureStorageKeyDetector"
    },
    {
      "name": "Base64HighEntropyString",
      "limit": 4.5
    },
    {
      "name": "BasicAuthDetector"
    },
    {
      "name": "CloudantDetector"
    },
    {
      "name": "DiscordBotTokenDetector"
    },
    {
      "name": "GitHubTokenDetector"
    },
    {
      "name": "GitLabTokenDetector"
    },
    {
      "name": "HexHighEntropyString",
      "limit": 3.0
    },
    {
      "name": "IbmCloudIamDetector"
    },
    {
      "name": "IbmCosHmacDetector"
    },
    {
      "name": "IPPublicDetector"
    },
    {
      "name": "JwtTokenDetector"
    },
    {
      "name": "KeywordDetector",
      "keyword_exclude": ""
    },
    {
      "name": "MailchimpDetector"
    },
    {
      "name": "NpmDetector"
    },
    {
      "name": "OpenAIDetector"
    },
    {
      "name": "PrivateKeyDetector"
    },
    {
      "name": "PypiTokenDetector"
    },
    {
      "name": "SendGridDetector"
    },
    {
      "name": "SlackDetector"
    },
    {
      "name": "SoftlayerDetector"
    },
    {
      "name": "SquareOAuthDetector"
    },
    {
      "name": "StripeDetector"
    },
    {
      "name": "TelegramBotTokenDetector"
    },
    {
      "name": "TwilioKeyDetector"
    }
  ],
  "filters_used": [
    {
      "path": "detect_secrets.filters.allowlist.is_line_allowlisted"
    },
    {
      "path": "detect_secrets.filters.common.is_baseline_file",
      "filename": ".secrets.baseline"
    },
    {
      "path": "detect_secrets.filters.common.is_ignored_due_to_verification_policies",
      "min_level": 2
    },
    {
      "path": "detect_secrets.filters.heuristic.is_indirect_reference"
    },
    {
      "path": "detect_secrets.filters.heuristic.is_likely_id_string"
    },
    {
      "path": "detect_secrets.filters.heuristic.is_lock_file"
    },
    {
      "path": "detect_secrets.filters.heuristic.is_not_alphanumeric_string"
    },
    {
      "path": "detect_secrets.filters.heuristic.is_potential_uuid"
    },
    {
      "path": "detect_secrets.filters.heuristic.is_prefixed_with_dollar_sign"
    },
    {
      "path": "detect_secrets.filters.heuristic.is_sequential_string"
    },
    {
      "path": "detect_secrets.filters.heuristic.is_swagger_file"
    },
    {
      "path": "detect_secrets.filters.heuristic.is_templated_secret"
    },
    {
      "path": "detect_secrets.filters.regex.should_exclude_file",
      "pattern": [
        "^\\.venv/|^datagen/out/|^\\.git/|^\\.mypy_cache/|^\\.ruff_cache/|^\\.pytest_cache/|^\\.import_linter_cache/"
      ]
    }
  ],
  "results": {
    "datagen/cierzo/dims_people.py": [
      {
        "type": "Base64 High Entropy String",
        "filename": "datagen/cierzo/dims_people.py",
        "hashed_secret": "730f90d1f398a547038b8b49418ece6d252a6bea",
        "is_verified": false,
        "line_number": 125
      },
      {
        "type": "Base64 High Entropy String",
        "filename": "datagen/cierzo/dims_people.py",
        "hashed_secret": "225e5579838d25483546314bb423de67f0fd9a5c",
        "is_verified": false,
        "line_number": 133
      }
    ],
    "docs/spec/policy.yaml": [
      {
        "type": "Secret Keyword",
        "filename": "docs/spec/policy.yaml",
        "hashed_secret": "6c928b7b25c0ab33a3766b049dc100e44f2d036a",
        "is_verified": false,
        "line_number": 476
      }
    ],
    "evals/reports/attack-holdout.json": [
      {
        "type": "Hex High Entropy String",
        "filename": "evals/reports/attack-holdout.json",
        "hashed_secret": "c8e6997dd46b129b20fae529c3da9ab3cb5619e3",
        "is_verified": false,
        "line_number": 136
      }
    ],
    "pyproject.toml": [
      {
        "type": "Secret Keyword",
        "filename": "pyproject.toml",
        "hashed_secret": "85f8d9a079b4f68fa91aebd6c7f6364d23dd3812",
        "is_verified": false,
        "line_number": 113
      }
    ],
    "src/datawarden/catalog/generated/glossary.json": [
      {
        "type": "Hex High Entropy String",
        "filename": "src/datawarden/catalog/generated/glossary.json",
        "hashed_secret": "73e5b8f8c5ff62d102f0e9b37cc17e25af28d7a0",
        "is_verified": false,
        "line_number": 130
      }
    ],
    "src/datawarden/catalog/generated/overlay.json": [
      {
        "type": "Hex High Entropy String",
        "filename": "src/datawarden/catalog/generated/overlay.json",
        "hashed_secret": "6b44f46dd8f36c76a68fe0decf3e58c5cb0b90ff",
        "is_verified": false,
        "line_number": 10
      }
    ],
    "src/datawarden/principal/generated/budgets.json": [
      {
        "type": "Hex High Entropy String",
        "filename": "src/datawarden/principal/generated/budgets.json",
        "hashed_secret": "d6fa7c8932a8f609554c5d2a5d89cb78c68c4414",
        "is_verified": false,
        "line_number": 39
      }
    ],
    "src/datawarden/principal/generated/policy.json": [
      {
        "type": "Hex High Entropy String",
        "filename": "src/datawarden/principal/generated/policy.json",
        "hashed_secret": "18eeed3a0670ee331d77e60a2d8a826b5a7103aa",
        "is_verified": false,
        "line_number": 638
      }
    ]
  },
  "generated_at": "2026-09-02T16:42:30Z"
}
